1 *
2
3
4

left:
right:

left:
1
2
right:
3

left:
hey
right:

left:
hey
there
right:
dude
this
is
cool

left:
right:
whoa
nelly
1
2
3

x: 1
y: 2
3
4

return code: 0
