true
false
false
false
true
false
false
false
true

return code: 0
