update hey there
update dictionaries are cool
index groovy
index value groovy
update test1 test2
test2
