hello
there
inner-handler ex1
outer-handler ex1-2
3
4
5
Exception thrown!
=> leave program

return code: 1
