hidden object test
3
field u_x_42 not found!

return code: 1
