<TODO: object>
3
4
5
should make it here
Exception thrown!
=> object u_obj sealed!

return code: 1
