new Joe Schmoe
returning Max Schmax
null
2
null
4
message2
message3
message5
assertion failed
0 1 2 3 4 5 6 7 8 9
0 1 2 3 4 6
8 9 10 11 12 13 14 15 16 17 18 19
2
6
throws false
throws true
safe true
safe false
1 2 3 4 5 6 7 8
0:1 1:2 2:3 3:4 4:5 5:6 6:7 7:8
10
null
null
1
3
3
null
true
1
4
false
true
true
true
exactly two arguments expected
exactly two arguments expected
exactly two arguments expected
exactly two arguments expected
exactly two arguments expected
exactly two arguments expected
true
true
true
true
true
true
true
true
true
true
true
true
message3
message6
assertion failed
assertion failed

return code: 0
