3
2
4
3

1
1
2
2

1
1
1
2

3
4

10
11

return code: 0
